  Determining projects to restore...
  All projects are up-to-date for restore.
/Users/osadicidarius/Documents/projects/MentalHealthTracker/Services/AIChatService.cs(12,108): warning CS8625: Cannot convert null literal to non-nullable reference type. [/Users/osadicidarius/Documents/projects/MentalHealthTracker/MentalHealthTracker.csproj]
/Users/osadicidarius/Documents/projects/MentalHealthTracker/Controllers/PaymentController.cs(52,90): warning CS8604: Possible null reference argument for parameter 'email' in 'Task<string> StripeService.CreateCheckoutSessionAsync(string userId, string email)'. [/Users/osadicidarius/Documents/projects/MentalHealthTracker/MentalHealthTracker.csproj]
/Users/osadicidarius/Documents/projects/MentalHealthTracker/Program.cs(26,18): error CS1061: 'IServiceCollection' does not contain a definition for 'AddDatabaseDeveloperPageExceptionFilter' and no accessible extension method 'AddDatabaseDeveloperPageExceptionFilter' accepting a first argument of type 'IServiceCollection' could be found (are you missing a using directive or an assembly reference?) [/Users/osadicidarius/Documents/projects/MentalHealthTracker/MentalHealthTracker.csproj]
/Users/osadicidarius/Documents/projects/MentalHealthTracker/Program.cs(62,28): error CS0246: The type or namespace name 'IAIChatService' could not be found (are you missing a using directive or an assembly reference?) [/Users/osadicidarius/Documents/projects/MentalHealthTracker/MentalHealthTracker.csproj]
/Users/osadicidarius/Documents/projects/MentalHealthTracker/Program.cs(62,18): error CS0311: The type 'AIChatService' cannot be used as type parameter 'TImplementation' in the generic type or method 'ServiceCollectionServiceExtensions.AddScoped<TService, TImplementation>(IServiceCollection)'. There is no implicit reference conversion from 'AIChatService' to 'IAIChatService'. [/Users/osadicidarius/Documents/projects/MentalHealthTracker/MentalHealthTracker.csproj]
/Users/osadicidarius/Documents/projects/MentalHealthTracker/Program.cs(63,28): error CS0246: The type or namespace name 'IStripeService' could not be found (are you missing a using directive or an assembly reference?) [/Users/osadicidarius/Documents/projects/MentalHealthTracker/MentalHealthTracker.csproj]
/Users/osadicidarius/Documents/projects/MentalHealthTracker/Program.cs(63,18): error CS0311: The type 'MentalHealthTracker.Services.StripeService' cannot be used as type parameter 'TImplementation' in the generic type or method 'ServiceCollectionServiceExtensions.AddScoped<TService, TImplementation>(IServiceCollection)'. There is no implicit reference conversion from 'MentalHealthTracker.Services.StripeService' to 'IStripeService'. [/Users/osadicidarius/Documents/projects/MentalHealthTracker/MentalHealthTracker.csproj]
/Users/osadicidarius/Documents/projects/MentalHealthTracker/Program.cs(71,18): error CS1061: 'IServiceCollection' does not contain a definition for 'AddSwaggerGen' and no accessible extension method 'AddSwaggerGen' accepting a first argument of type 'IServiceCollection' could be found (are you missing a using directive or an assembly reference?) [/Users/osadicidarius/Documents/projects/MentalHealthTracker/MentalHealthTracker.csproj]
/Users/osadicidarius/Documents/projects/MentalHealthTracker/Program.cs(108,9): error CS1061: 'WebApplication' does not contain a definition for 'UseMigrationsEndPoint' and no accessible extension method 'UseMigrationsEndPoint' accepting a first argument of type 'WebApplication' could be found (are you missing a using directive or an assembly reference?) [/Users/osadicidarius/Documents/projects/MentalHealthTracker/MentalHealthTracker.csproj]
/Users/osadicidarius/Documents/projects/MentalHealthTracker/Program.cs(109,9): error CS1061: 'WebApplication' does not contain a definition for 'UseSwagger' and no accessible extension method 'UseSwagger' accepting a first argument of type 'WebApplication' could be found (are you missing a using directive or an assembly reference?) [/Users/osadicidarius/Documents/projects/MentalHealthTracker/MentalHealthTracker.csproj]
/Users/osadicidarius/Documents/projects/MentalHealthTracker/Program.cs(110,9): error CS1061: 'WebApplication' does not contain a definition for 'UseSwaggerUI' and no accessible extension method 'UseSwaggerUI' accepting a first argument of type 'WebApplication' could be found (are you missing a using directive or an assembly reference?) [/Users/osadicidarius/Documents/projects/MentalHealthTracker/MentalHealthTracker.csproj]
/Users/osadicidarius/Documents/projects/MentalHealthTracker/Controllers/PaymentController.cs(159,30): warning CS0168: The variable 'ex' is declared but never used [/Users/osadicidarius/Documents/projects/MentalHealthTracker/MentalHealthTracker.csproj]
/Users/osadicidarius/Documents/projects/MentalHealthTracker/Models/ChatConversation.cs(11,23): warning CS8618: Non-nullable property 'UserId' must contain a non-null value when exiting constructor. Consider adding the 'required' modifier or declaring the property as nullable. [/Users/osadicidarius/Documents/projects/MentalHealthTracker/MentalHealthTracker.csproj]
/Users/osadicidarius/Documents/projects/MentalHealthTracker/Models/ChatConversation.cs(14,23): warning CS8618: Non-nullable property 'Title' must contain a non-null value when exiting constructor. Consider adding the 'required' modifier or declaring the property as nullable. [/Users/osadicidarius/Documents/projects/MentalHealthTracker/MentalHealthTracker.csproj]
/Users/osadicidarius/Documents/projects/MentalHealthTracker/Models/ChatMessage.cs(13,23): warning CS8618: Non-nullable property 'UserId' must contain a non-null value when exiting constructor. Consider adding the 'required' modifier or declaring the property as nullable. [/Users/osadicidarius/Documents/projects/MentalHealthTracker/MentalHealthTracker.csproj]
/Users/osadicidarius/Documents/projects/MentalHealthTracker/Models/ChatMessage.cs(16,23): warning CS8618: Non-nullable property 'Role' must contain a non-null value when exiting constructor. Consider adding the 'required' modifier or declaring the property as nullable. [/Users/osadicidarius/Documents/projects/MentalHealthTracker/MentalHealthTracker.csproj]
/Users/osadicidarius/Documents/projects/MentalHealthTracker/Models/ChatMessage.cs(19,23): warning CS8618: Non-nullable property 'Content' must contain a non-null value when exiting constructor. Consider adding the 'required' modifier or declaring the property as nullable. [/Users/osadicidarius/Documents/projects/MentalHealthTracker/MentalHealthTracker.csproj]
/Users/osadicidarius/Documents/projects/MentalHealthTracker/Services/ChatHistoryService.cs(32,20): warning CS8603: Possible null reference return. [/Users/osadicidarius/Documents/projects/MentalHealthTracker/MentalHealthTracker.csproj]
/Users/osadicidarius/Documents/projects/MentalHealthTracker/Services/StripeService.cs(23,26): warning CS8601: Possible null reference assignment. [/Users/osadicidarius/Documents/projects/MentalHealthTracker/MentalHealthTracker.csproj]
/Users/osadicidarius/Documents/projects/MentalHealthTracker/Services/StripeService.cs(24,31): warning CS8601: Possible null reference assignment. [/Users/osadicidarius/Documents/projects/MentalHealthTracker/MentalHealthTracker.csproj]
/Users/osadicidarius/Documents/projects/MentalHealthTracker/Services/StripeService.cs(25,30): warning CS8601: Possible null reference assignment. [/Users/osadicidarius/Documents/projects/MentalHealthTracker/MentalHealthTracker.csproj]
/Users/osadicidarius/Documents/projects/MentalHealthTracker/Services/StripeService.cs(21,16): warning CS8618: Non-nullable field '_secretKey' must contain a non-null value when exiting constructor. Consider adding the 'required' modifier or declaring the field as nullable. [/Users/osadicidarius/Documents/projects/MentalHealthTracker/MentalHealthTracker.csproj]
/Users/osadicidarius/Documents/projects/MentalHealthTracker/Services/StripeService.cs(21,16): warning CS8618: Non-nullable field '_publishableKey' must contain a non-null value when exiting constructor. Consider adding the 'required' modifier or declaring the field as nullable. [/Users/osadicidarius/Documents/projects/MentalHealthTracker/MentalHealthTracker.csproj]
/Users/osadicidarius/Documents/projects/MentalHealthTracker/Services/StripeService.cs(21,16): warning CS8618: Non-nullable field '_webhookSecret' must contain a non-null value when exiting constructor. Consider adding the 'required' modifier or declaring the field as nullable. [/Users/osadicidarius/Documents/projects/MentalHealthTracker/MentalHealthTracker.csproj]
/Users/osadicidarius/Documents/projects/MentalHealthTracker/Pages/Subscription.razor(312,23): warning CS8618: Non-nullable property 'Url' must contain a non-null value when exiting constructor. Consider adding the 'required' modifier or declaring the property as nullable. [/Users/osadicidarius/Documents/projects/MentalHealthTracker/MentalHealthTracker.csproj]
/Users/osadicidarius/Documents/projects/MentalHealthTracker/obj/Debug/net9.0/Microsoft.CodeAnalysis.Razor.Compiler/Microsoft.NET.Sdk.Razor.SourceGenerators.RazorSourceGenerator/Pages_EditareJurnal_razor.g.cs(452,69): warning CS0618: 'MudBaseButton.Link' is obsolete: 'Use Href Instead.' [/Users/osadicidarius/Documents/projects/MentalHealthTracker/MentalHealthTracker.csproj]
/Users/osadicidarius/Documents/projects/MentalHealthTracker/Pages/Payment/Success.razor(57,25): warning CS8601: Possible null reference assignment. [/Users/osadicidarius/Documents/projects/MentalHealthTracker/MentalHealthTracker.csproj]
/Users/osadicidarius/Documents/projects/MentalHealthTracker/Pages/Statistici.razor(418,34): warning CS8602: Dereference of a possibly null reference. [/Users/osadicidarius/Documents/projects/MentalHealthTracker/MentalHealthTracker.csproj]
/Users/osadicidarius/Documents/projects/MentalHealthTracker/Pages/Statistici.razor(434,34): warning CS8602: Dereference of a possibly null reference. [/Users/osadicidarius/Documents/projects/MentalHealthTracker/MentalHealthTracker.csproj]
/Users/osadicidarius/Documents/projects/MentalHealthTracker/Pages/Jurnal.razor(219,46): warning CS8604: Possible null reference argument for parameter '__arg14' in 'void TypeInference.CreateMudTable_0<MoodEntry>(RenderTreeBuilder __builder, int seq, int __seq0, IEnumerable<MoodEntry> __arg0, int __seq1, bool __arg1, int __seq2, bool __arg2, int __seq3, bool __arg3, int __seq4, bool __arg4, int __seq5, bool __arg5, int __seq6, Color __arg6, int __seq7, Func<MoodEntry, bool> __arg7, int __seq8, object __arg8, int __seq9, bool __arg9, int __seq10, bool __arg10, int __seq11, string __arg11, int __seq12, Breakpoint __arg12, int __seq13, Func<MoodEntry, int, string> __arg13, int __seq14, MoodEntry __arg14, int __seq15, EventCallback<MoodEntry> __arg15, int __seq16, RenderFragment __arg16, int __seq17, RenderFragment __arg17, int __seq18, RenderFragment<MoodEntry> __arg18, int __seq19, RenderFragment __arg19)'. [/Users/osadicidarius/Documents/projects/MentalHealthTracker/MentalHealthTracker.csproj]
/Users/osadicidarius/Documents/projects/MentalHealthTracker/Pages/Profil.razor(187,25): warning CS4014: Because this call is not awaited, execution of the current method continues before the call is completed. Consider applying the 'await' operator to the result of the call. [/Users/osadicidarius/Documents/projects/MentalHealthTracker/MentalHealthTracker.csproj]
/Users/osadicidarius/Documents/projects/MentalHealthTracker/Pages/Profil.razor(189,25): warning CS4014: Because this call is not awaited, execution of the current method continues before the call is completed. Consider applying the 'await' operator to the result of the call. [/Users/osadicidarius/Documents/projects/MentalHealthTracker/MentalHealthTracker.csproj]
/Users/osadicidarius/Documents/projects/MentalHealthTracker/Pages/Statistici.razor(671,79): warning CS8602: Dereference of a possibly null reference. [/Users/osadicidarius/Documents/projects/MentalHealthTracker/MentalHealthTracker.csproj]
/Users/osadicidarius/Documents/projects/MentalHealthTracker/Pages/Profil.razor(227,24): warning CS1998: This async method lacks 'await' operators and will run synchronously. Consider using the 'await' operator to await non-blocking API calls, or 'await Task.Run(...)' to do CPU-bound work on a background thread. [/Users/osadicidarius/Documents/projects/MentalHealthTracker/MentalHealthTracker.csproj]
/Users/osadicidarius/Documents/projects/MentalHealthTracker/Pages/EditareJurnal.razor(822,35): warning CS8600: Converting null literal or possible null value to non-nullable type. [/Users/osadicidarius/Documents/projects/MentalHealthTracker/MentalHealthTracker.csproj]
/Users/osadicidarius/Documents/projects/MentalHealthTracker/Controllers/MoodEntriesController.cs(1272,38): warning CS8602: Dereference of a possibly null reference. [/Users/osadicidarius/Documents/projects/MentalHealthTracker/MentalHealthTracker.csproj]
/Users/osadicidarius/Documents/projects/MentalHealthTracker/Controllers/MoodEntriesController.cs(1283,38): warning CS8602: Dereference of a possibly null reference. [/Users/osadicidarius/Documents/projects/MentalHealthTracker/MentalHealthTracker.csproj]
/Users/osadicidarius/Documents/projects/MentalHealthTracker/Controllers/MoodEntriesController.cs(1294,35): warning CS8629: Nullable value type may be null. [/Users/osadicidarius/Documents/projects/MentalHealthTracker/MentalHealthTracker.csproj]
/Users/osadicidarius/Documents/projects/MentalHealthTracker/Pages/Index.razor(153,18): warning CS0414: The field 'Index.isLoading' is assigned but its value is never used [/Users/osadicidarius/Documents/projects/MentalHealthTracker/MentalHealthTracker.csproj]
/Users/osadicidarius/Documents/projects/MentalHealthTracker/Controllers/MoodEntriesController.cs(528,17): warning ASP0019: Use IHeaderDictionary.Append or the indexer to append or set headers. IDictionary.Add will throw an ArgumentException when attempting to add a duplicate key. (https://aka.ms/aspnet/analyzers) [/Users/osadicidarius/Documents/projects/MentalHealthTracker/MentalHealthTracker.csproj]
/Users/osadicidarius/Documents/projects/MentalHealthTracker/Controllers/MoodEntriesController.cs(529,17): warning ASP0019: Use IHeaderDictionary.Append or the indexer to append or set headers. IDictionary.Add will throw an ArgumentException when attempting to add a duplicate key. (https://aka.ms/aspnet/analyzers) [/Users/osadicidarius/Documents/projects/MentalHealthTracker/MentalHealthTracker.csproj]
/Users/osadicidarius/Documents/projects/MentalHealthTracker/Controllers/MoodEntriesController.cs(530,17): warning ASP0019: Use IHeaderDictionary.Append or the indexer to append or set headers. IDictionary.Add will throw an ArgumentException when attempting to add a duplicate key. (https://aka.ms/aspnet/analyzers) [/Users/osadicidarius/Documents/projects/MentalHealthTracker/MentalHealthTracker.csproj]
/Users/osadicidarius/Documents/projects/MentalHealthTracker/Controllers/MoodEntriesController.cs(244,25): warning ASP0019: Use IHeaderDictionary.Append or the indexer to append or set headers. IDictionary.Add will throw an ArgumentException when attempting to add a duplicate key. (https://aka.ms/aspnet/analyzers) [/Users/osadicidarius/Documents/projects/MentalHealthTracker/MentalHealthTracker.csproj]
/Users/osadicidarius/Documents/projects/MentalHealthTracker/Controllers/MoodEntriesController.cs(245,25): warning ASP0019: Use IHeaderDictionary.Append or the indexer to append or set headers. IDictionary.Add will throw an ArgumentException when attempting to add a duplicate key. (https://aka.ms/aspnet/analyzers) [/Users/osadicidarius/Documents/projects/MentalHealthTracker/MentalHealthTracker.csproj]
/Users/osadicidarius/Documents/projects/MentalHealthTracker/Controllers/MoodEntriesController.cs(246,25): warning ASP0019: Use IHeaderDictionary.Append or the indexer to append or set headers. IDictionary.Add will throw an ArgumentException when attempting to add a duplicate key. (https://aka.ms/aspnet/analyzers) [/Users/osadicidarius/Documents/projects/MentalHealthTracker/MentalHealthTracker.csproj]
/Users/osadicidarius/Documents/projects/MentalHealthTracker/Controllers/MoodEntriesController.cs(247,25): warning ASP0019: Use IHeaderDictionary.Append or the indexer to append or set headers. IDictionary.Add will throw an ArgumentException when attempting to add a duplicate key. (https://aka.ms/aspnet/analyzers) [/Users/osadicidarius/Documents/projects/MentalHealthTracker/MentalHealthTracker.csproj]
/Users/osadicidarius/Documents/projects/MentalHealthTracker/Controllers/MoodEntriesController.cs(305,21): warning ASP0019: Use IHeaderDictionary.Append or the indexer to append or set headers. IDictionary.Add will throw an ArgumentException when attempting to add a duplicate key. (https://aka.ms/aspnet/analyzers) [/Users/osadicidarius/Documents/projects/MentalHealthTracker/MentalHealthTracker.csproj]
/Users/osadicidarius/Documents/projects/MentalHealthTracker/Controllers/MoodEntriesController.cs(306,21): warning ASP0019: Use IHeaderDictionary.Append or the indexer to append or set headers. IDictionary.Add will throw an ArgumentException when attempting to add a duplicate key. (https://aka.ms/aspnet/analyzers) [/Users/osadicidarius/Documents/projects/MentalHealthTracker/MentalHealthTracker.csproj]
/Users/osadicidarius/Documents/projects/MentalHealthTracker/Controllers/MoodEntriesController.cs(307,21): warning ASP0019: Use IHeaderDictionary.Append or the indexer to append or set headers. IDictionary.Add will throw an ArgumentException when attempting to add a duplicate key. (https://aka.ms/aspnet/analyzers) [/Users/osadicidarius/Documents/projects/MentalHealthTracker/MentalHealthTracker.csproj]
/Users/osadicidarius/Documents/projects/MentalHealthTracker/Controllers/MoodEntriesController.cs(308,21): warning ASP0019: Use IHeaderDictionary.Append or the indexer to append or set headers. IDictionary.Add will throw an ArgumentException when attempting to add a duplicate key. (https://aka.ms/aspnet/analyzers) [/Users/osadicidarius/Documents/projects/MentalHealthTracker/MentalHealthTracker.csproj]

Build FAILED.

/Users/osadicidarius/Documents/projects/MentalHealthTracker/Services/AIChatService.cs(12,108): warning CS8625: Cannot convert null literal to non-nullable reference type. [/Users/osadicidarius/Documents/projects/MentalHealthTracker/MentalHealthTracker.csproj]
/Users/osadicidarius/Documents/projects/MentalHealthTracker/Controllers/PaymentController.cs(52,90): warning CS8604: Possible null reference argument for parameter 'email' in 'Task<string> StripeService.CreateCheckoutSessionAsync(string userId, string email)'. [/Users/osadicidarius/Documents/projects/MentalHealthTracker/MentalHealthTracker.csproj]
/Users/osadicidarius/Documents/projects/MentalHealthTracker/Controllers/PaymentController.cs(159,30): warning CS0168: The variable 'ex' is declared but never used [/Users/osadicidarius/Documents/projects/MentalHealthTracker/MentalHealthTracker.csproj]
/Users/osadicidarius/Documents/projects/MentalHealthTracker/Models/ChatConversation.cs(11,23): warning CS8618: Non-nullable property 'UserId' must contain a non-null value when exiting constructor. Consider adding the 'required' modifier or declaring the property as nullable. [/Users/osadicidarius/Documents/projects/MentalHealthTracker/MentalHealthTracker.csproj]
/Users/osadicidarius/Documents/projects/MentalHealthTracker/Models/ChatConversation.cs(14,23): warning CS8618: Non-nullable property 'Title' must contain a non-null value when exiting constructor. Consider adding the 'required' modifier or declaring the property as nullable. [/Users/osadicidarius/Documents/projects/MentalHealthTracker/MentalHealthTracker.csproj]
/Users/osadicidarius/Documents/projects/MentalHealthTracker/Models/ChatMessage.cs(13,23): warning CS8618: Non-nullable property 'UserId' must contain a non-null value when exiting constructor. Consider adding the 'required' modifier or declaring the property as nullable. [/Users/osadicidarius/Documents/projects/MentalHealthTracker/MentalHealthTracker.csproj]
/Users/osadicidarius/Documents/projects/MentalHealthTracker/Models/ChatMessage.cs(16,23): warning CS8618: Non-nullable property 'Role' must contain a non-null value when exiting constructor. Consider adding the 'required' modifier or declaring the property as nullable. [/Users/osadicidarius/Documents/projects/MentalHealthTracker/MentalHealthTracker.csproj]
/Users/osadicidarius/Documents/projects/MentalHealthTracker/Models/ChatMessage.cs(19,23): warning CS8618: Non-nullable property 'Content' must contain a non-null value when exiting constructor. Consider adding the 'required' modifier or declaring the property as nullable. [/Users/osadicidarius/Documents/projects/MentalHealthTracker/MentalHealthTracker.csproj]
/Users/osadicidarius/Documents/projects/MentalHealthTracker/Services/ChatHistoryService.cs(32,20): warning CS8603: Possible null reference return. [/Users/osadicidarius/Documents/projects/MentalHealthTracker/MentalHealthTracker.csproj]
/Users/osadicidarius/Documents/projects/MentalHealthTracker/Services/StripeService.cs(23,26): warning CS8601: Possible null reference assignment. [/Users/osadicidarius/Documents/projects/MentalHealthTracker/MentalHealthTracker.csproj]
/Users/osadicidarius/Documents/projects/MentalHealthTracker/Services/StripeService.cs(24,31): warning CS8601: Possible null reference assignment. [/Users/osadicidarius/Documents/projects/MentalHealthTracker/MentalHealthTracker.csproj]
/Users/osadicidarius/Documents/projects/MentalHealthTracker/Services/StripeService.cs(25,30): warning CS8601: Possible null reference assignment. [/Users/osadicidarius/Documents/projects/MentalHealthTracker/MentalHealthTracker.csproj]
/Users/osadicidarius/Documents/projects/MentalHealthTracker/Services/StripeService.cs(21,16): warning CS8618: Non-nullable field '_secretKey' must contain a non-null value when exiting constructor. Consider adding the 'required' modifier or declaring the field as nullable. [/Users/osadicidarius/Documents/projects/MentalHealthTracker/MentalHealthTracker.csproj]
/Users/osadicidarius/Documents/projects/MentalHealthTracker/Services/StripeService.cs(21,16): warning CS8618: Non-nullable field '_publishableKey' must contain a non-null value when exiting constructor. Consider adding the 'required' modifier or declaring the field as nullable. [/Users/osadicidarius/Documents/projects/MentalHealthTracker/MentalHealthTracker.csproj]
/Users/osadicidarius/Documents/projects/MentalHealthTracker/Services/StripeService.cs(21,16): warning CS8618: Non-nullable field '_webhookSecret' must contain a non-null value when exiting constructor. Consider adding the 'required' modifier or declaring the field as nullable. [/Users/osadicidarius/Documents/projects/MentalHealthTracker/MentalHealthTracker.csproj]
/Users/osadicidarius/Documents/projects/MentalHealthTracker/Pages/Subscription.razor(312,23): warning CS8618: Non-nullable property 'Url' must contain a non-null value when exiting constructor. Consider adding the 'required' modifier or declaring the property as nullable. [/Users/osadicidarius/Documents/projects/MentalHealthTracker/MentalHealthTracker.csproj]
/Users/osadicidarius/Documents/projects/MentalHealthTracker/obj/Debug/net9.0/Microsoft.CodeAnalysis.Razor.Compiler/Microsoft.NET.Sdk.Razor.SourceGenerators.RazorSourceGenerator/Pages_EditareJurnal_razor.g.cs(452,69): warning CS0618: 'MudBaseButton.Link' is obsolete: 'Use Href Instead.' [/Users/osadicidarius/Documents/projects/MentalHealthTracker/MentalHealthTracker.csproj]
/Users/osadicidarius/Documents/projects/MentalHealthTracker/Pages/Payment/Success.razor(57,25): warning CS8601: Possible null reference assignment. [/Users/osadicidarius/Documents/projects/MentalHealthTracker/MentalHealthTracker.csproj]
/Users/osadicidarius/Documents/projects/MentalHealthTracker/Pages/Statistici.razor(418,34): warning CS8602: Dereference of a possibly null reference. [/Users/osadicidarius/Documents/projects/MentalHealthTracker/MentalHealthTracker.csproj]
/Users/osadicidarius/Documents/projects/MentalHealthTracker/Pages/Statistici.razor(434,34): warning CS8602: Dereference of a possibly null reference. [/Users/osadicidarius/Documents/projects/MentalHealthTracker/MentalHealthTracker.csproj]
/Users/osadicidarius/Documents/projects/MentalHealthTracker/Pages/Jurnal.razor(219,46): warning CS8604: Possible null reference argument for parameter '__arg14' in 'void TypeInference.CreateMudTable_0<MoodEntry>(RenderTreeBuilder __builder, int seq, int __seq0, IEnumerable<MoodEntry> __arg0, int __seq1, bool __arg1, int __seq2, bool __arg2, int __seq3, bool __arg3, int __seq4, bool __arg4, int __seq5, bool __arg5, int __seq6, Color __arg6, int __seq7, Func<MoodEntry, bool> __arg7, int __seq8, object __arg8, int __seq9, bool __arg9, int __seq10, bool __arg10, int __seq11, string __arg11, int __seq12, Breakpoint __arg12, int __seq13, Func<MoodEntry, int, string> __arg13, int __seq14, MoodEntry __arg14, int __seq15, EventCallback<MoodEntry> __arg15, int __seq16, RenderFragment __arg16, int __seq17, RenderFragment __arg17, int __seq18, RenderFragment<MoodEntry> __arg18, int __seq19, RenderFragment __arg19)'. [/Users/osadicidarius/Documents/projects/MentalHealthTracker/MentalHealthTracker.csproj]
/Users/osadicidarius/Documents/projects/MentalHealthTracker/Pages/Profil.razor(187,25): warning CS4014: Because this call is not awaited, execution of the current method continues before the call is completed. Consider applying the 'await' operator to the result of the call. [/Users/osadicidarius/Documents/projects/MentalHealthTracker/MentalHealthTracker.csproj]
/Users/osadicidarius/Documents/projects/MentalHealthTracker/Pages/Profil.razor(189,25): warning CS4014: Because this call is not awaited, execution of the current method continues before the call is completed. Consider applying the 'await' operator to the result of the call. [/Users/osadicidarius/Documents/projects/MentalHealthTracker/MentalHealthTracker.csproj]
/Users/osadicidarius/Documents/projects/MentalHealthTracker/Pages/Statistici.razor(671,79): warning CS8602: Dereference of a possibly null reference. [/Users/osadicidarius/Documents/projects/MentalHealthTracker/MentalHealthTracker.csproj]
/Users/osadicidarius/Documents/projects/MentalHealthTracker/Pages/Profil.razor(227,24): warning CS1998: This async method lacks 'await' operators and will run synchronously. Consider using the 'await' operator to await non-blocking API calls, or 'await Task.Run(...)' to do CPU-bound work on a background thread. [/Users/osadicidarius/Documents/projects/MentalHealthTracker/MentalHealthTracker.csproj]
/Users/osadicidarius/Documents/projects/MentalHealthTracker/Pages/EditareJurnal.razor(822,35): warning CS8600: Converting null literal or possible null value to non-nullable type. [/Users/osadicidarius/Documents/projects/MentalHealthTracker/MentalHealthTracker.csproj]
/Users/osadicidarius/Documents/projects/MentalHealthTracker/Controllers/MoodEntriesController.cs(1272,38): warning CS8602: Dereference of a possibly null reference. [/Users/osadicidarius/Documents/projects/MentalHealthTracker/MentalHealthTracker.csproj]
/Users/osadicidarius/Documents/projects/MentalHealthTracker/Controllers/MoodEntriesController.cs(1283,38): warning CS8602: Dereference of a possibly null reference. [/Users/osadicidarius/Documents/projects/MentalHealthTracker/MentalHealthTracker.csproj]
/Users/osadicidarius/Documents/projects/MentalHealthTracker/Controllers/MoodEntriesController.cs(1294,35): warning CS8629: Nullable value type may be null. [/Users/osadicidarius/Documents/projects/MentalHealthTracker/MentalHealthTracker.csproj]
/Users/osadicidarius/Documents/projects/MentalHealthTracker/Pages/Index.razor(153,18): warning CS0414: The field 'Index.isLoading' is assigned but its value is never used [/Users/osadicidarius/Documents/projects/MentalHealthTracker/MentalHealthTracker.csproj]
/Users/osadicidarius/Documents/projects/MentalHealthTracker/Controllers/MoodEntriesController.cs(528,17): warning ASP0019: Use IHeaderDictionary.Append or the indexer to append or set headers. IDictionary.Add will throw an ArgumentException when attempting to add a duplicate key. (https://aka.ms/aspnet/analyzers) [/Users/osadicidarius/Documents/projects/MentalHealthTracker/MentalHealthTracker.csproj]
/Users/osadicidarius/Documents/projects/MentalHealthTracker/Controllers/MoodEntriesController.cs(529,17): warning ASP0019: Use IHeaderDictionary.Append or the indexer to append or set headers. IDictionary.Add will throw an ArgumentException when attempting to add a duplicate key. (https://aka.ms/aspnet/analyzers) [/Users/osadicidarius/Documents/projects/MentalHealthTracker/MentalHealthTracker.csproj]
/Users/osadicidarius/Documents/projects/MentalHealthTracker/Controllers/MoodEntriesController.cs(530,17): warning ASP0019: Use IHeaderDictionary.Append or the indexer to append or set headers. IDictionary.Add will throw an ArgumentException when attempting to add a duplicate key. (https://aka.ms/aspnet/analyzers) [/Users/osadicidarius/Documents/projects/MentalHealthTracker/MentalHealthTracker.csproj]
/Users/osadicidarius/Documents/projects/MentalHealthTracker/Controllers/MoodEntriesController.cs(244,25): warning ASP0019: Use IHeaderDictionary.Append or the indexer to append or set headers. IDictionary.Add will throw an ArgumentException when attempting to add a duplicate key. (https://aka.ms/aspnet/analyzers) [/Users/osadicidarius/Documents/projects/MentalHealthTracker/MentalHealthTracker.csproj]
/Users/osadicidarius/Documents/projects/MentalHealthTracker/Controllers/MoodEntriesController.cs(245,25): warning ASP0019: Use IHeaderDictionary.Append or the indexer to append or set headers. IDictionary.Add will throw an ArgumentException when attempting to add a duplicate key. (https://aka.ms/aspnet/analyzers) [/Users/osadicidarius/Documents/projects/MentalHealthTracker/MentalHealthTracker.csproj]
/Users/osadicidarius/Documents/projects/MentalHealthTracker/Controllers/MoodEntriesController.cs(246,25): warning ASP0019: Use IHeaderDictionary.Append or the indexer to append or set headers. IDictionary.Add will throw an ArgumentException when attempting to add a duplicate key. (https://aka.ms/aspnet/analyzers) [/Users/osadicidarius/Documents/projects/MentalHealthTracker/MentalHealthTracker.csproj]
/Users/osadicidarius/Documents/projects/MentalHealthTracker/Controllers/MoodEntriesController.cs(247,25): warning ASP0019: Use IHeaderDictionary.Append or the indexer to append or set headers. IDictionary.Add will throw an ArgumentException when attempting to add a duplicate key. (https://aka.ms/aspnet/analyzers) [/Users/osadicidarius/Documents/projects/MentalHealthTracker/MentalHealthTracker.csproj]
/Users/osadicidarius/Documents/projects/MentalHealthTracker/Controllers/MoodEntriesController.cs(305,21): warning ASP0019: Use IHeaderDictionary.Append or the indexer to append or set headers. IDictionary.Add will throw an ArgumentException when attempting to add a duplicate key. (https://aka.ms/aspnet/analyzers) [/Users/osadicidarius/Documents/projects/MentalHealthTracker/MentalHealthTracker.csproj]
/Users/osadicidarius/Documents/projects/MentalHealthTracker/Controllers/MoodEntriesController.cs(306,21): warning ASP0019: Use IHeaderDictionary.Append or the indexer to append or set headers. IDictionary.Add will throw an ArgumentException when attempting to add a duplicate key. (https://aka.ms/aspnet/analyzers) [/Users/osadicidarius/Documents/projects/MentalHealthTracker/MentalHealthTracker.csproj]
/Users/osadicidarius/Documents/projects/MentalHealthTracker/Controllers/MoodEntriesController.cs(307,21): warning ASP0019: Use IHeaderDictionary.Append or the indexer to append or set headers. IDictionary.Add will throw an ArgumentException when attempting to add a duplicate key. (https://aka.ms/aspnet/analyzers) [/Users/osadicidarius/Documents/projects/MentalHealthTracker/MentalHealthTracker.csproj]
/Users/osadicidarius/Documents/projects/MentalHealthTracker/Controllers/MoodEntriesController.cs(308,21): warning ASP0019: Use IHeaderDictionary.Append or the indexer to append or set headers. IDictionary.Add will throw an ArgumentException when attempting to add a duplicate key. (https://aka.ms/aspnet/analyzers) [/Users/osadicidarius/Documents/projects/MentalHealthTracker/MentalHealthTracker.csproj]
/Users/osadicidarius/Documents/projects/MentalHealthTracker/Program.cs(26,18): error CS1061: 'IServiceCollection' does not contain a definition for 'AddDatabaseDeveloperPageExceptionFilter' and no accessible extension method 'AddDatabaseDeveloperPageExceptionFilter' accepting a first argument of type 'IServiceCollection' could be found (are you missing a using directive or an assembly reference?) [/Users/osadicidarius/Documents/projects/MentalHealthTracker/MentalHealthTracker.csproj]
/Users/osadicidarius/Documents/projects/MentalHealthTracker/Program.cs(62,28): error CS0246: The type or namespace name 'IAIChatService' could not be found (are you missing a using directive or an assembly reference?) [/Users/osadicidarius/Documents/projects/MentalHealthTracker/MentalHealthTracker.csproj]
/Users/osadicidarius/Documents/projects/MentalHealthTracker/Program.cs(62,18): error CS0311: The type 'AIChatService' cannot be used as type parameter 'TImplementation' in the generic type or method 'ServiceCollectionServiceExtensions.AddScoped<TService, TImplementation>(IServiceCollection)'. There is no implicit reference conversion from 'AIChatService' to 'IAIChatService'. [/Users/osadicidarius/Documents/projects/MentalHealthTracker/MentalHealthTracker.csproj]
/Users/osadicidarius/Documents/projects/MentalHealthTracker/Program.cs(63,28): error CS0246: The type or namespace name 'IStripeService' could not be found (are you missing a using directive or an assembly reference?) [/Users/osadicidarius/Documents/projects/MentalHealthTracker/MentalHealthTracker.csproj]
/Users/osadicidarius/Documents/projects/MentalHealthTracker/Program.cs(63,18): error CS0311: The type 'MentalHealthTracker.Services.StripeService' cannot be used as type parameter 'TImplementation' in the generic type or method 'ServiceCollectionServiceExtensions.AddScoped<TService, TImplementation>(IServiceCollection)'. There is no implicit reference conversion from 'MentalHealthTracker.Services.StripeService' to 'IStripeService'. [/Users/osadicidarius/Documents/projects/MentalHealthTracker/MentalHealthTracker.csproj]
/Users/osadicidarius/Documents/projects/MentalHealthTracker/Program.cs(71,18): error CS1061: 'IServiceCollection' does not contain a definition for 'AddSwaggerGen' and no accessible extension method 'AddSwaggerGen' accepting a first argument of type 'IServiceCollection' could be found (are you missing a using directive or an assembly reference?) [/Users/osadicidarius/Documents/projects/MentalHealthTracker/MentalHealthTracker.csproj]
/Users/osadicidarius/Documents/projects/MentalHealthTracker/Program.cs(108,9): error CS1061: 'WebApplication' does not contain a definition for 'UseMigrationsEndPoint' and no accessible extension method 'UseMigrationsEndPoint' accepting a first argument of type 'WebApplication' could be found (are you missing a using directive or an assembly reference?) [/Users/osadicidarius/Documents/projects/MentalHealthTracker/MentalHealthTracker.csproj]
/Users/osadicidarius/Documents/projects/MentalHealthTracker/Program.cs(109,9): error CS1061: 'WebApplication' does not contain a definition for 'UseSwagger' and no accessible extension method 'UseSwagger' accepting a first argument of type 'WebApplication' could be found (are you missing a using directive or an assembly reference?) [/Users/osadicidarius/Documents/projects/MentalHealthTracker/MentalHealthTracker.csproj]
/Users/osadicidarius/Documents/projects/MentalHealthTracker/Program.cs(110,9): error CS1061: 'WebApplication' does not contain a definition for 'UseSwaggerUI' and no accessible extension method 'UseSwaggerUI' accepting a first argument of type 'WebApplication' could be found (are you missing a using directive or an assembly reference?) [/Users/osadicidarius/Documents/projects/MentalHealthTracker/MentalHealthTracker.csproj]
    41 Warning(s)
    9 Error(s)

Time Elapsed 00:00:01.13
